// Jest Snapshot v1, https://goo.gl/fbAQLP

exports[`AddNote Component renders AddNote form without issues 1`] = `ShallowWrapper {}`;
