// Jest Snapshot v1, https://goo.gl/fbAQLP

exports[`AddFolder Component Renders an AddFolder form by default 1`] = `
<ContextConsumer>
  <Component />
</ContextConsumer>
`;
