// Jest Snapshot v1, https://goo.gl/fbAQLP

exports[`Folders Component Renders Folders by default 1`] = `null`;
